// Jest Snapshot v1, https://goo.gl/fbAQLP

exports[`App matches snapshot 1`] = `
<View
  style={
    Object {
      "backgroundColor": "#0C1116",
      "flex": 1,
      "paddingHorizontal": 144,
      "paddingVertical": 76,
    }
  }
  testID="setup-screen"
>
  <View
    style={
      Object {
        "marginBottom": 36,
      }
    }
  >
    <Text
      style={
        Object {
          "color": "#FFFFFF",
          "fontSize": 82,
          "fontWeight": "800",
          "letterSpacing": 0,
        }
      }
    >
      Astra
    </Text>
    <Text
      style={
        Object {
          "color": "#AAB7C0",
          "fontSize": 30,
          "marginTop": 8,
        }
      }
    >
      Connect your media server
    </Text>
  </View>
  <View
    style={
      Object {
        "width": 840,
      }
    }
  >
    <View
      style={
        Object {
          "marginBottom": 22,
        }
      }
    >
      <Text
        style={
          Object {
            "color": "#E6EDF2",
            "fontSize": 26,
            "fontWeight": "700",
            "marginBottom": 10,
          }
        }
      >
        Found servers
      </Text>
      <Text
        style={
          Object {
            "color": "#91A2AD",
            "fontSize": 22,
            "marginTop": 8,
          }
        }
      >
        No local servers found.
      </Text>
      <View
        accessibilityRole="button"
        accessibilityState={
          Object {
            "busy": undefined,
            "checked": undefined,
            "disabled": undefined,
            "expanded": undefined,
            "selected": undefined,
          }
        }
        accessibilityValue={
          Object {
            "max": undefined,
            "min": undefined,
            "now": undefined,
            "text": undefined,
          }
        }
        accessible={true}
        collapsable={false}
        focusable={true}
        onClick={[Function]}
        onResponderGrant={[Function]}
        onResponderMove={[Function]}
        onResponderRelease={[Function]}
        onResponderTerminate={[Function]}
        onResponderTerminationRequest={[Function]}
        onStartShouldSetResponder={[Function]}
        style={
          Object {
            "alignItems": "center",
            "backgroundColor": "#24313A",
            "borderColor": "transparent",
            "borderRadius": 8,
            "borderWidth": 3,
            "height": 48,
            "justifyContent": "center",
            "opacity": 1,
            "width": 180,
          }
        }
        testID="setup-scan-button"
      >
        <Text
          style={
            Object {
              "color": "#FFFFFF",
              "fontSize": 20,
              "fontWeight": "700",
            }
          }
        >
          Scan again
        </Text>
      </View>
    </View>
    <View
      style={
        Object {
          "marginBottom": 22,
        }
      }
    >
      <Text
        style={
          Object {
            "color": "#E6EDF2",
            "fontSize": 26,
            "fontWeight": "700",
            "marginBottom": 8,
          }
        }
      >
        Server URL
      </Text>
      <TextInput
        autoCapitalize="none"
        autoComplete="url"
        autoCorrect={false}
        autoFocus={true}
        auxOptions="title:Server URL"
        hasTVPreferredFocus={true}
        inputMode="url"
        keyboardType="url"
        onBlur={[Function]}
        onChangeText={[Function]}
        onFocus={[Function]}
        onPressIn={[Function]}
        placeholder="https://jellyfin.example.com"
        placeholderTextColor="#7D8A92"
        returnKeyType="done"
        showSoftInputOnFocus={true}
        style={
          Array [
            Object {
              "color": "#FFFFFF",
              "fontSize": 26,
              "padding": 0,
            },
            undefined,
            Array [
              Object {
                "backgroundColor": "#162027",
                "borderColor": "#2F3D46",
                "borderRadius": 8,
                "borderWidth": 3,
                "height": 68,
                "paddingHorizontal": 24,
                "width": 840,
              },
              false,
            ],
            Object {
              "color": "#FFFFFF",
              "fontSize": 28,
            },
            false,
          ]
        }
        testID="setup-server-url-input"
        textContentType="URL"
        value="https://jelly2.ambientflare.art"
      />
      <Text
        style={
          Object {
            "color": "#91A2AD",
            "fontSize": 22,
            "marginTop": 8,
          }
        }
      >
        Enter IP, domain, or Tailscale address.
      </Text>
    </View>
    <View
      style={
        Object {
          "marginBottom": 22,
        }
      }
    >
      <Text
        style={
          Object {
            "color": "#E6EDF2",
            "fontSize": 26,
            "fontWeight": "700",
            "marginBottom": 8,
          }
        }
      >
        Username
      </Text>
      <TextInput
        autoCapitalize="none"
        autoComplete="username"
        autoCorrect={false}
        auxOptions="title:Username"
        inputMode="email"
        keyboardType="email-address"
        onBlur={[Function]}
        onChangeText={[Function]}
        onFocus={[Function]}
        onPressIn={[Function]}
        placeholder="Media server username"
        placeholderTextColor="#7D8A92"
        returnKeyType="done"
        showSoftInputOnFocus={true}
        style={
          Array [
            Object {
              "color": "#FFFFFF",
              "fontSize": 26,
              "padding": 0,
            },
            undefined,
            Array [
              Object {
                "backgroundColor": "#162027",
                "borderColor": "#2F3D46",
                "borderRadius": 8,
                "borderWidth": 3,
                "height": 68,
                "paddingHorizontal": 24,
                "width": 840,
              },
              false,
            ],
            Object {
              "color": "#FFFFFF",
              "fontSize": 28,
            },
            false,
          ]
        }
        testID="setup-username-input"
        textContentType="username"
        value="Levi"
      />
    </View>
    <View
      style={
        Object {
          "marginBottom": 22,
        }
      }
    >
      <Text
        style={
          Object {
            "color": "#E6EDF2",
            "fontSize": 26,
            "fontWeight": "700",
            "marginBottom": 8,
          }
        }
      >
        Password
      </Text>
      <TextInput
        autoComplete="password"
        auxOptions="title:Password;password:true"
        inputMode="text"
        keyboardType="default"
        onBlur={[Function]}
        onChangeText={[Function]}
        onFocus={[Function]}
        onPressIn={[Function]}
        placeholder="Password"
        placeholderTextColor="#7D8A92"
        returnKeyType="done"
        secureTextEntry={true}
        showSoftInputOnFocus={true}
        style={
          Array [
            Object {
              "color": "#FFFFFF",
              "fontSize": 26,
              "padding": 0,
            },
            undefined,
            Array [
              Object {
                "backgroundColor": "#162027",
                "borderColor": "#2F3D46",
                "borderRadius": 8,
                "borderWidth": 3,
                "height": 68,
                "paddingHorizontal": 24,
                "width": 840,
              },
              false,
            ],
            Object {
              "color": "#FFFFFF",
              "fontSize": 28,
            },
            false,
          ]
        }
        testID="setup-password-input"
        textContentType="password"
        value="broken6667"
      />
    </View>
    <View
      style={
        Object {
          "marginBottom": 22,
        }
      }
    >
      <Text
        style={
          Object {
            "color": "#E6EDF2",
            "fontSize": 26,
            "fontWeight": "700",
            "marginBottom": 8,
          }
        }
      >
        Server Type
      </Text>
      <View
        style={
          Object {
            "flexDirection": "row",
            "gap": 16,
          }
        }
      >
        <View
          accessibilityLabel="jellyfin"
          accessibilityRole="button"
          accessibilityState={
            Object {
              "busy": undefined,
              "checked": undefined,
              "disabled": undefined,
              "expanded": undefined,
              "selected": undefined,
            }
          }
          accessibilityValue={
            Object {
              "max": undefined,
              "min": undefined,
              "now": undefined,
              "text": undefined,
            }
          }
          accessible={true}
          collapsable={false}
          focusable={true}
          onClick={[Function]}
          onResponderGrant={[Function]}
          onResponderMove={[Function]}
          onResponderRelease={[Function]}
          onResponderTerminate={[Function]}
          onResponderTerminationRequest={[Function]}
          onStartShouldSetResponder={[Function]}
          style={
            Object {
              "alignItems": "center",
              "backgroundColor": "#1F6F5A",
              "borderColor": "transparent",
              "borderRadius": 8,
              "borderWidth": 3,
              "height": 62,
              "justifyContent": "center",
              "opacity": 1,
              "width": 180,
            }
          }
          testID="setup-server-type-jellyfin"
        >
          <Text
            style={
              Object {
                "color": "#FFFFFF",
                "fontSize": 24,
                "fontWeight": "700",
                "textTransform": "uppercase",
              }
            }
          >
            jellyfin
          </Text>
        </View>
        <View
          accessibilityLabel="kodi"
          accessibilityRole="button"
          accessibilityState={
            Object {
              "busy": undefined,
              "checked": undefined,
              "disabled": undefined,
              "expanded": undefined,
              "selected": undefined,
            }
          }
          accessibilityValue={
            Object {
              "max": undefined,
              "min": undefined,
              "now": undefined,
              "text": undefined,
            }
          }
          accessible={true}
          collapsable={false}
          focusable={true}
          onClick={[Function]}
          onResponderGrant={[Function]}
          onResponderMove={[Function]}
          onResponderRelease={[Function]}
          onResponderTerminate={[Function]}
          onResponderTerminationRequest={[Function]}
          onStartShouldSetResponder={[Function]}
          style={
            Object {
              "alignItems": "center",
              "backgroundColor": "#172129",
              "borderColor": "transparent",
              "borderRadius": 8,
              "borderWidth": 3,
              "height": 62,
              "justifyContent": "center",
              "opacity": 1,
              "width": 180,
            }
          }
          testID="setup-server-type-kodi"
        >
          <Text
            style={
              Object {
                "color": "#FFFFFF",
                "fontSize": 24,
                "fontWeight": "700",
                "textTransform": "uppercase",
              }
            }
          >
            kodi
          </Text>
        </View>
        <View
          accessibilityLabel="emby"
          accessibilityRole="button"
          accessibilityState={
            Object {
              "busy": undefined,
              "checked": undefined,
              "disabled": undefined,
              "expanded": undefined,
              "selected": undefined,
            }
          }
          accessibilityValue={
            Object {
              "max": undefined,
              "min": undefined,
              "now": undefined,
              "text": undefined,
            }
          }
          accessible={true}
          collapsable={false}
          focusable={true}
          onClick={[Function]}
          onResponderGrant={[Function]}
          onResponderMove={[Function]}
          onResponderRelease={[Function]}
          onResponderTerminate={[Function]}
          onResponderTerminationRequest={[Function]}
          onStartShouldSetResponder={[Function]}
          style={
            Object {
              "alignItems": "center",
              "backgroundColor": "#172129",
              "borderColor": "transparent",
              "borderRadius": 8,
              "borderWidth": 3,
              "height": 62,
              "justifyContent": "center",
              "opacity": 1,
              "width": 180,
            }
          }
          testID="setup-server-type-emby"
        >
          <Text
            style={
              Object {
                "color": "#FFFFFF",
                "fontSize": 24,
                "fontWeight": "700",
                "textTransform": "uppercase",
              }
            }
          >
            emby
          </Text>
        </View>
      </View>
    </View>
    <View
      accessibilityLabel="Connect"
      accessibilityRole="button"
      accessibilityState={
        Object {
          "busy": undefined,
          "checked": undefined,
          "disabled": undefined,
          "expanded": undefined,
          "selected": undefined,
        }
      }
      accessibilityValue={
        Object {
          "max": undefined,
          "min": undefined,
          "now": undefined,
          "text": undefined,
        }
      }
      accessible={true}
      collapsable={false}
      focusable={true}
      onClick={[Function]}
      onResponderGrant={[Function]}
      onResponderMove={[Function]}
      onResponderRelease={[Function]}
      onResponderTerminate={[Function]}
      onResponderTerminationRequest={[Function]}
      onStartShouldSetResponder={[Function]}
      style={
        Object {
          "alignItems": "center",
          "backgroundColor": "#2F9C7C",
          "borderColor": "transparent",
          "borderRadius": 8,
          "borderWidth": 3,
          "height": 68,
          "justifyContent": "center",
          "marginTop": 8,
          "opacity": 1,
          "width": 280,
        }
      }
      testID="setup-connect-button"
    >
      <Text
        style={
          Object {
            "color": "#FFFFFF",
            "fontSize": 28,
            "fontWeight": "800",
          }
        }
      >
        Connect
      </Text>
    </View>
  </View>
</View>
`;
